// Jest Snapshot v1, https://goo.gl/fbAQLP

exports[`should render ExpenseListItem with expense 1`] = `
<div>
  <Link
    replace={false}
    to="/edit/1"
  >
    <h3>
      Gum
    </h3>
  </Link>
  <ul>
    <li>
      Amount: 
      195
    </li>
    <li>
      Created at: 
      0
    </li>
  </ul>
</div>
`;
