// Jest Snapshot v1, https://goo.gl/fbAQLP

exports[`Should render LoginPage component correctly 1`] = `
<div>
  <p>
    Login Component
  </p>
  <button>
    Login
  </button>
</div>
`;
